

C:\newTrader9\Stack17_Main.mq5 : information: compiling C:\newTrader9\Stack17_Main.mq5
C:\newTrader9\Stack17_Main.mq5 : information: including C:\newTrader9\Include\Common\Enums.mqh
C:\newTrader9\Stack17_Main.mq5 : information: including C:\newTrader9\Include\Common\Structs.mqh
C:\newTrader9\Stack17_Main.mq5 : information: including C:\newTrader9\Include\Common\Utils.mqh
C:\newTrader9\Stack17_Main.mq5 : information: including C:\newTrader9\Include\Common\SignalValidator.mqh
C:\newTrader9\Include\Common\SignalValidator.mqh : information: including C:\newTrader9\Include\Components\TrendDetector.mqh
C:\newTrader9\Include\Common\SignalValidator.mqh : information: including C:\newTrader9\Include\Components\RegimeClassifier.mqh
C:\newTrader9\Include\Common\SignalValidator.mqh : information: including C:\newTrader9\Include\Components\PriceAction.mqh
C:\newTrader9\Include\Common\SignalValidator.mqh : information: including C:\newTrader9\Include\Components\PriceActionLowVol.mqh
C:\newTrader9\Include\Common\SignalValidator.mqh : information: including C:\newTrader9\Include\Components\SMCOrderBlocks.mqh
C:\newTrader9\Stack17_Main.mq5 : information: including C:\newTrader9\Include\Common\SetupEvaluator.mqh
C:\newTrader9\Stack17_Main.mq5 : information: including C:\newTrader9\Include\Common\Display.mqh
C:\newTrader9\Include\Common\Display.mqh : information: including C:\newTrader9\Include\Components\MacroBias.mqh
C:\newTrader9\Include\Common\Display.mqh : information: including C:\newTrader9\Include\Management\RiskManager.mqh
C:\newTrader9\Stack17_Main.mq5 : information: including C:\newTrader9\Include\Common\TradeLogger.mqh
C:\newTrader9\Stack17_Main.mq5 : information: including C:\newTrader9\Include\Management\TradeExecutor.mqh
C:\newTrader9\Include\Management\TradeExecutor.mqh : information: including C:\Users\ahmed\AppData\Roaming\MetaQuotes\Terminal\AE2CC2E013FDE1E3CDF010AA51C60400\MQL5\Include\Trade\Trade.mqh
C:\Users\ahmed\AppData\Roaming\MetaQuotes\Terminal\AE2CC2E013FDE1E3CDF010AA51C60400\MQL5\Include\Trade\Trade.mqh : information: including C:\Users\ahmed\AppData\Roaming\MetaQuotes\Terminal\AE2CC2E013FDE1E3CDF010AA51C60400\MQL5\Include\Object.mqh
C:\Users\ahmed\AppData\Roaming\MetaQuotes\Terminal\AE2CC2E013FDE1E3CDF010AA51C60400\MQL5\Include\Object.mqh : information: including C:\Users\ahmed\AppData\Roaming\MetaQuotes\Terminal\AE2CC2E013FDE1E3CDF010AA51C60400\MQL5\Include\StdLibErr.mqh
C:\Users\ahmed\AppData\Roaming\MetaQuotes\Terminal\AE2CC2E013FDE1E3CDF010AA51C60400\MQL5\Include\Trade\Trade.mqh : information: including C:\Users\ahmed\AppData\Roaming\MetaQuotes\Terminal\AE2CC2E013FDE1E3CDF010AA51C60400\MQL5\Include\Trade\OrderInfo.mqh
C:\Users\ahmed\AppData\Roaming\MetaQuotes\Terminal\AE2CC2E013FDE1E3CDF010AA51C60400\MQL5\Include\Trade\Trade.mqh : information: including C:\Users\ahmed\AppData\Roaming\MetaQuotes\Terminal\AE2CC2E013FDE1E3CDF010AA51C60400\MQL5\Include\Trade\HistoryOrderInfo.mqh
C:\Users\ahmed\AppData\Roaming\MetaQuotes\Terminal\AE2CC2E013FDE1E3CDF010AA51C60400\MQL5\Include\Trade\Trade.mqh : information: including C:\Users\ahmed\AppData\Roaming\MetaQuotes\Terminal\AE2CC2E013FDE1E3CDF010AA51C60400\MQL5\Include\Trade\PositionInfo.mqh
C:\Users\ahmed\AppData\Roaming\MetaQuotes\Terminal\AE2CC2E013FDE1E3CDF010AA51C60400\MQL5\Include\Trade\Trade.mqh : information: including C:\Users\ahmed\AppData\Roaming\MetaQuotes\Terminal\AE2CC2E013FDE1E3CDF010AA51C60400\MQL5\Include\Trade\DealInfo.mqh
C:\newTrader9\Stack17_Main.mq5 : information: including C:\newTrader9\Include\Management\PositionManager.mqh
C:\newTrader9\Stack17_Main.mq5 : information: including C:\newTrader9\Include\Management\SignalManager.mqh
C:\newTrader9\Stack17_Main.mq5 : information: including C:\newTrader9\Include\Management\AdaptiveTPManager.mqh
C:\newTrader9\Stack17_Main.mq5 : information: including C:\newTrader9\Include\Filters\MarketFilters.mqh
C:\newTrader9\Stack17_Main.mq5 : information: including C:\newTrader9\Include\Core\MarketStateManager.mqh
C:\newTrader9\Stack17_Main.mq5 : information: including C:\newTrader9\Include\Core\RiskMonitor.mqh
C:\newTrader9\Stack17_Main.mq5 : information: including C:\newTrader9\Include\Core\PositionCoordinator.mqh
C:\newTrader9\Stack17_Main.mq5 : information: including C:\newTrader9\Include\Core\TradeOrchestrator.mqh
C:\newTrader9\Stack17_Main.mq5 : information: including C:\newTrader9\Include\Core\SignalProcessor.mqh
C:\newTrader9\Stack17_Main.mq5(523,72) : warning 43: possible loss of data due to type conversion from 'double' to 'int'
 : information: generating code
 : information: generating code 3%
 : information: generating code 6%
 : information: generating code 9%
 : information: generating code 12%
 : information: generating code 15%
 : information: generating code 18%
 : information: generating code 21%
 : information: generating code 24%
 : information: generating code 27%
 : information: generating code 30%
 : information: generating code 33%
 : information: generating code 36%
 : information: generating code 39%
 : information: generating code 42%
 : information: generating code 45%
 : information: generating code 48%
 : information: generating code 51%
 : information: generating code 54%
 : information: generating code 57%
 : information: generating code 60%
 : information: generating code 63%
 : information: generating code 66%
 : information: generating code 69%
 : information: generating code 72%
 : information: generating code 75%
 : information: generating code 78%
 : information: generating code 81%
 : information: generating code 84%
 : information: generating code 87%
 : information: generating code 90%
 : information: generating code 93%
 : information: generating code 95%
 : information: generating code 100%
 : information: code generated
Result: 0 errors, 1 warnings, 1848 msec elapsed, cpu='X64 Regular'
